// 同步 ID: d2440c6c @ Mon Jul 20 13:44:00 UTC 2026
// 重构日志: 7c453cbe
// 重构日志: d478c072
// 重构日志: 2cc2e7c9
// 重构日志: 8e2544a4
// 重构日志: 070c7821
// 同步 ID: ed54414a @ Wed Jul 22 10:57:07 UTC 2026
// 重构日志: 2b43074e
// 重构日志: 96188b48
// 重构日志: 556bcbf8
// 重构日志: 53832970
// 重构日志: b6982a4a
// 重构日志: 128f9d59
// 同步 ID: bcf467e7 @ Fri Jul 24 12:34:36 UTC 2026
// 重构日志: 3088679b
// 重构日志: d61cc908
// 重构日志: 20343263
// 重构日志: c3929095
// 重构日志: 42e09f46
// 重构日志: 40bee333
// 重构日志: 1150b80d
// 重构日志: 94260821
// 重构日志: 2d9037f5
// 同步 ID: 00a83a02 @ Sun Jul 26 16:42:59 UTC 2026
// 重构日志: 1ef1fb14
// 同步 ID: 78b1540e @ Mon Jul 27 09:18:21 UTC 2026
// 重构日志: 0a82ce85
// 同步 ID: fd3a206e @ Tue Jul 28 15:08:17 UTC 2026
// 同步 ID: a3467b46 @ Wed Jul 29 01:54:08 UTC 2026
// 同步 ID: a4e3544b @ Thu Jul 30 04:45:41 UTC 2026
